first we have to write git init  .
second we type git clone and paste link of repsetory file.

[On branch main

No commits yet

Untracked files:
  (use "git add <file>..." to include in what will be committed)
        .vscode/
        Hello/

nothing added to commit but untracked files present (use "git add" to track)
PS C:\Users\DELL\Desktop\hi> git add .
warning: in the working copy of '.vscode/settings.json', LF will be replaced by CRLF the next time Git touches it
error: 'Hello/' does not have a commit checked out
fatal: adding files failed
PS C:\Users\DELL\Desktop\hi> cd
PS C:\Users\DELL\Desktop\hi> cd Hello
PS C:\Users\DELL\Desktop\hi\Hello> git init
Reinitialized existing Git repository in C:/Users/DELL/Desktop/hi/Hello/.git/
PS C:\Users\DELL\Desktop\hi\Hello> git status
On branch main

No commits yet

Untracked files:

nothing added to commit but untracked files present (use "git add" to track)
PS C:\Users\DELL\Desktop\hi\Hello> git add .
PS C:\Users\DELL\Desktop\hi\Hello> git commit -m "Hi"
Author identity unknown

*** Please tell me who you are.

Run

  git config --global user.name "Your Name"

to set your account's default identity.
Omit --global to set the identity only in this repository.

PS C:\Users\DELL\Desktop\hi\Hello> git config --global user.email Harsh
PS C:\Users\DELL\Desktop\hi\Hello> git config --global user.email tushartiwari581@gmail.com
PS C:\Users\DELL\Desktop\hi\Hello> git config --global user.name Harsh      
PS C:\Users\DELL\Desktop\hi\Hello> git status
On branch main

No commits yet

Changes to be committed:
  (use "git rm --cached <file>..." to unstage)
        new file:   array.c
        new file:   help.txt
        new file:   style.css

PS C:\Users\DELL\Desktop\hi\Hello> git commit -m "Hi"
[main (root-commit) d82851a] Hi
 3 files changed, 2 insertions(+)
 create mode 100644 array.c
 create mode 100644 help.txt
 create mode 100644 style.css
PS C:\Users\DELL\Desktop\hi\Hello> git push origin main 
Enumerating objects: 4, done.
Counting objects: 100% (4/4), done.
Delta compression using up to 4 threads
Compressing objects: 100% (3/3), done.
Writing objects: 100% (4/4), 335 bytes | 167.00 KiB/s, done.
Total 4 (delta 0), reused 0 (delta 0), pack-reused 0
To https://github.com/HarshTiwari1131/Hello.git
 * [new branch]      main -> main]